
Address Inside MKAD
5644.853147118682 kms
6093.4409141655415 kms
Address not found